// Jest Snapshot v1, https://goo.gl/fbAQLP

exports[`NewUser should match the snapshot 1`] = `undefined`;
