// Jest Snapshot v1, https://goo.gl/fbAQLP

exports[`rootReducer should match the snapshot 1`] = `[Function]`;
