// Jest Snapshot v1, https://goo.gl/fbAQLP

exports[`LoginContainer should match the snapshot 1`] = `[Function]`;
