// Jest Snapshot v1, https://goo.gl/fbAQLP

exports[`SignIn should match the snapshot 1`] = `
ShallowWrapper {
  "length": 1,
  Symbol(enzyme.__root__): [Circular],
  Symbol(enzyme.__unrendered__): <SignIn
    postNewUser={[Function]}
    preventDefault={[Function]}
/>,
  Symbol(enzyme.__renderer__): Object {
    "batchedUpdates": [Function],
    "getNode": [Function],
    "render": [Function],
    "simulateEvent": [Function],
    "unmount": [Function],
  },
  Symbol(enzyme.__node__): Object {
    "instance": null,
    "key": undefined,
    "nodeType": "host",
    "props": Object {
      "children": Array [
        <h2>
          Sign-In
</h2>,
        <div>
          <input
                    name="username"
                    onChange={[Function]}
                    placeholder="username"
                    type="text"
                    value=""
          />
</div>,
        <div>
          <input
                    name="password"
                    onChange={[Function]}
                    placeholder="password"
                    type="password"
                    value=""
          />
</div>,
        <div>
          <input
                    className="submit-btn"
                    type="submit"
                    value="enter"
          />
</div>,
      ],
      "className": "signin-form",
      "onSubmit": [Function],
    },
    "ref": null,
    "rendered": Array [
      Object {
        "instance": null,
        "key": undefined,
        "nodeType": "host",
        "props": Object {
          "children": "Sign-In",
        },
        "ref": null,
        "rendered": "Sign-In",
        "type": "h2",
      },
      Object {
        "instance": null,
        "key": undefined,
        "nodeType": "host",
        "props": Object {
          "children": <input
            name="username"
            onChange={[Function]}
            placeholder="username"
            type="text"
            value=""
/>,
        },
        "ref": null,
        "rendered": Object {
          "instance": null,
          "key": undefined,
          "nodeType": "host",
          "props": Object {
            "name": "username",
            "onChange": [Function],
            "placeholder": "username",
            "type": "text",
            "value": "",
          },
          "ref": null,
          "rendered": null,
          "type": "input",
        },
        "type": "div",
      },
      Object {
        "instance": null,
        "key": undefined,
        "nodeType": "host",
        "props": Object {
          "children": <input
            name="password"
            onChange={[Function]}
            placeholder="password"
            type="password"
            value=""
/>,
        },
        "ref": null,
        "rendered": Object {
          "instance": null,
          "key": undefined,
          "nodeType": "host",
          "props": Object {
            "name": "password",
            "onChange": [Function],
            "placeholder": "password",
            "type": "password",
            "value": "",
          },
          "ref": null,
          "rendered": null,
          "type": "input",
        },
        "type": "div",
      },
      Object {
        "instance": null,
        "key": undefined,
        "nodeType": "host",
        "props": Object {
          "children": <input
            className="submit-btn"
            type="submit"
            value="enter"
/>,
        },
        "ref": null,
        "rendered": Object {
          "instance": null,
          "key": undefined,
          "nodeType": "host",
          "props": Object {
            "className": "submit-btn",
            "type": "submit",
            "value": "enter",
          },
          "ref": null,
          "rendered": null,
          "type": "input",
        },
        "type": "div",
      },
    ],
    "type": "form",
  },
  Symbol(enzyme.__nodes__): Array [
    Object {
      "instance": null,
      "key": undefined,
      "nodeType": "host",
      "props": Object {
        "children": Array [
          <h2>
            Sign-In
</h2>,
          <div>
            <input
                        name="username"
                        onChange={[Function]}
                        placeholder="username"
                        type="text"
                        value=""
            />
</div>,
          <div>
            <input
                        name="password"
                        onChange={[Function]}
                        placeholder="password"
                        type="password"
                        value=""
            />
</div>,
          <div>
            <input
                        className="submit-btn"
                        type="submit"
                        value="enter"
            />
</div>,
        ],
        "className": "signin-form",
        "onSubmit": [Function],
      },
      "ref": null,
      "rendered": Array [
        Object {
          "instance": null,
          "key": undefined,
          "nodeType": "host",
          "props": Object {
            "children": "Sign-In",
          },
          "ref": null,
          "rendered": "Sign-In",
          "type": "h2",
        },
        Object {
          "instance": null,
          "key": undefined,
          "nodeType": "host",
          "props": Object {
            "children": <input
              name="username"
              onChange={[Function]}
              placeholder="username"
              type="text"
              value=""
/>,
          },
          "ref": null,
          "rendered": Object {
            "instance": null,
            "key": undefined,
            "nodeType": "host",
            "props": Object {
              "name": "username",
              "onChange": [Function],
              "placeholder": "username",
              "type": "text",
              "value": "",
            },
            "ref": null,
            "rendered": null,
            "type": "input",
          },
          "type": "div",
        },
        Object {
          "instance": null,
          "key": undefined,
          "nodeType": "host",
          "props": Object {
            "children": <input
              name="password"
              onChange={[Function]}
              placeholder="password"
              type="password"
              value=""
/>,
          },
          "ref": null,
          "rendered": Object {
            "instance": null,
            "key": undefined,
            "nodeType": "host",
            "props": Object {
              "name": "password",
              "onChange": [Function],
              "placeholder": "password",
              "type": "password",
              "value": "",
            },
            "ref": null,
            "rendered": null,
            "type": "input",
          },
          "type": "div",
        },
        Object {
          "instance": null,
          "key": undefined,
          "nodeType": "host",
          "props": Object {
            "children": <input
              className="submit-btn"
              type="submit"
              value="enter"
/>,
          },
          "ref": null,
          "rendered": Object {
            "instance": null,
            "key": undefined,
            "nodeType": "host",
            "props": Object {
              "className": "submit-btn",
              "type": "submit",
              "value": "enter",
            },
            "ref": null,
            "rendered": null,
            "type": "input",
          },
          "type": "div",
        },
      ],
      "type": "form",
    },
  ],
  Symbol(enzyme.__options__): Object {
    "adapter": ReactSixteenAdapter {
      "options": Object {
        "enableComponentDidUpdateOnSetState": true,
      },
    },
  },
}
`;
