// Jest Snapshot v1, https://goo.gl/fbAQLP

exports[`Sound should match the snapshot 1`] = `
ShallowWrapper {
  "length": 1,
  Symbol(enzyme.__root__): [Circular],
  Symbol(enzyme.__unrendered__): <Unknown />,
  Symbol(enzyme.__renderer__): Object {
    "batchedUpdates": [Function],
    "getNode": [Function],
    "render": [Function],
    "simulateEvent": [Function],
    "unmount": [Function],
  },
  Symbol(enzyme.__node__): Object {
    "instance": null,
    "key": undefined,
    "nodeType": "host",
    "props": Object {
      "children": <article
        className="video-frame"
>
        <iframe
                allow="autoplay; encrypted-media"
                allowFullScreen={true}
                frameBorder="0"
                height="315"
                src="https://www.youtube-nocookie.com/embed/1dFvc42g8CA?rel=0&showinfo=0"
                width="560"
        />
</article>,
    },
    "ref": null,
    "rendered": Object {
      "instance": null,
      "key": undefined,
      "nodeType": "host",
      "props": Object {
        "children": <iframe
          allow="autoplay; encrypted-media"
          allowFullScreen={true}
          frameBorder="0"
          height="315"
          src="https://www.youtube-nocookie.com/embed/1dFvc42g8CA?rel=0&showinfo=0"
          width="560"
/>,
        "className": "video-frame",
      },
      "ref": null,
      "rendered": Object {
        "instance": null,
        "key": undefined,
        "nodeType": "host",
        "props": Object {
          "allow": "autoplay; encrypted-media",
          "allowFullScreen": true,
          "frameBorder": "0",
          "height": "315",
          "src": "https://www.youtube-nocookie.com/embed/1dFvc42g8CA?rel=0&showinfo=0",
          "width": "560",
        },
        "ref": null,
        "rendered": null,
        "type": "iframe",
      },
      "type": "article",
    },
    "type": "section",
  },
  Symbol(enzyme.__nodes__): Array [
    Object {
      "instance": null,
      "key": undefined,
      "nodeType": "host",
      "props": Object {
        "children": <article
          className="video-frame"
>
          <iframe
                    allow="autoplay; encrypted-media"
                    allowFullScreen={true}
                    frameBorder="0"
                    height="315"
                    src="https://www.youtube-nocookie.com/embed/1dFvc42g8CA?rel=0&showinfo=0"
                    width="560"
          />
</article>,
      },
      "ref": null,
      "rendered": Object {
        "instance": null,
        "key": undefined,
        "nodeType": "host",
        "props": Object {
          "children": <iframe
            allow="autoplay; encrypted-media"
            allowFullScreen={true}
            frameBorder="0"
            height="315"
            src="https://www.youtube-nocookie.com/embed/1dFvc42g8CA?rel=0&showinfo=0"
            width="560"
/>,
          "className": "video-frame",
        },
        "ref": null,
        "rendered": Object {
          "instance": null,
          "key": undefined,
          "nodeType": "host",
          "props": Object {
            "allow": "autoplay; encrypted-media",
            "allowFullScreen": true,
            "frameBorder": "0",
            "height": "315",
            "src": "https://www.youtube-nocookie.com/embed/1dFvc42g8CA?rel=0&showinfo=0",
            "width": "560",
          },
          "ref": null,
          "rendered": null,
          "type": "iframe",
        },
        "type": "article",
      },
      "type": "section",
    },
  ],
  Symbol(enzyme.__options__): Object {
    "adapter": ReactSixteenAdapter {
      "options": Object {
        "enableComponentDidUpdateOnSetState": true,
      },
    },
  },
}
`;
