// Jest Snapshot v1, https://goo.gl/fbAQLP

exports[`Charts should match the snapshot 1`] = `
ShallowWrapper {
  "length": 1,
  Symbol(enzyme.__root__): [Circular],
  Symbol(enzyme.__unrendered__): <Unknown
    heartRate={
        Array [
            Object {
              "time": "00:00:00",
              "value": 57,
            },
            Object {
              "time": "00:01:00",
              "value": 59,
            },
            Object {
              "time": "00:02:00",
              "value": 58,
            },
            Object {
              "time": "00:03:00",
              "value": 59,
            },
            Object {
              "time": "00:04:00",
              "value": 59,
            },
            Object {
              "time": "00:05:00",
              "value": 59,
            },
          ]
    }
    stepsTaken={
        Array [
            Object {
              "time": "00:00:00",
              "value": 0,
            },
            Object {
              "time": "00:01:00",
              "value": 0,
            },
            Object {
              "time": "00:02:00",
              "value": 0,
            },
            Object {
              "time": "00:03:00",
              "value": 0,
            },
            Object {
              "time": "00:04:00",
              "value": 0,
            },
            Object {
              "time": "00:05:00",
              "value": 0,
            },
            Object {
              "time": "00:06:00",
              "value": 0,
            },
            Object {
              "time": "00:07:00",
              "value": 0,
            },
          ]
    }
/>,
  Symbol(enzyme.__renderer__): Object {
    "batchedUpdates": [Function],
    "getNode": [Function],
    "render": [Function],
    "simulateEvent": [Function],
    "unmount": [Function],
  },
  Symbol(enzyme.__node__): Object {
    "render": [Function],
  },
  Symbol(enzyme.__nodes__): Array [
    Object {
      "render": [Function],
    },
  ],
  Symbol(enzyme.__options__): Object {
    "adapter": ReactSixteenAdapter {
      "options": Object {
        "enableComponentDidUpdateOnSetState": true,
      },
    },
  },
}
`;
