// Jest Snapshot v1, https://goo.gl/fbAQLP

exports[`Main should match the snapshot 1`] = `
ShallowWrapper {
  "length": 1,
  Symbol(enzyme.__root__): [Circular],
  Symbol(enzyme.__unrendered__): <Unknown
    heartRate={
        Array [
            Object {
              "time": "00:00:00",
              "value": 57,
            },
            Object {
              "time": "00:01:00",
              "value": 59,
            },
            Object {
              "time": "00:02:00",
              "value": 58,
            },
            Object {
              "time": "00:03:00",
              "value": 59,
            },
            Object {
              "time": "00:04:00",
              "value": 59,
            },
            Object {
              "time": "00:05:00",
              "value": 59,
            },
          ]
    }
    stepsTaken={
        Array [
            Object {
              "time": "00:00:00",
              "value": 0,
            },
            Object {
              "time": "00:01:00",
              "value": 0,
            },
            Object {
              "time": "00:02:00",
              "value": 0,
            },
            Object {
              "time": "00:03:00",
              "value": 0,
            },
            Object {
              "time": "00:04:00",
              "value": 0,
            },
            Object {
              "time": "00:05:00",
              "value": 0,
            },
            Object {
              "time": "00:06:00",
              "value": 0,
            },
            Object {
              "time": "00:07:00",
              "value": 0,
            },
          ]
    }
/>,
  Symbol(enzyme.__renderer__): Object {
    "batchedUpdates": [Function],
    "getNode": [Function],
    "render": [Function],
    "simulateEvent": [Function],
    "unmount": [Function],
  },
  Symbol(enzyme.__node__): Object {
    "instance": null,
    "key": undefined,
    "nodeType": "host",
    "props": Object {
      "children": Array [
        <Connect(Component) />,
        <section
          className="therapies-wrap"
>
          <h2>
                    therapies:
          </h2>
          <Link
                    className="breath"
                    replace={false}
                    to="/breathing"
          >
                    <h3>
                              breathing exercises
                    </h3>
                    <img
                              alt="Icon"
                              className="lungs-icon"
                              src="lungs.svg"
                    />
          </Link>
          <Link
                    className="mind"
                    replace={false}
                    to="/mindfulness"
          >
                    <h3>
                              guided meditations
                    </h3>
                    <img
                              alt="Icon"
                              className="mindfulness-icon"
                              src="meditation.svg"
                    />
          </Link>
          <Link
                    className="sound"
                    replace={false}
                    to="/sound"
          >
                    <h3>
                              calming playlists
                    </h3>
                    <img
                              alt="Icon"
                              className="sound-icon"
                              src="headphones.svg"
                    />
          </Link>
          <Link
                    className="notes"
                    replace={false}
                    to="/journal"
          >
                    <h3>
                              journal
                    </h3>
                    <img
                              alt="Icon"
                              className="notes-icon"
                              src="book.svg"
                    />
          </Link>
          <Link
                    className="sight"
                    replace={false}
                    to="/videos"
          >
                    <h3>
                              relaxing videos
                    </h3>
                    <img
                              alt="Icon"
                              className="sight-icon"
                              src="eyeglasses.svg"
                    />
          </Link>
          <a
                    className="lifeline"
                    href="tel:555-555-5555"
          >
                    <h3>
                              support
                    </h3>
                    <img
                              alt="Icon"
                              className="phone-icon"
                              src="call-answer.svg"
                    />
          </a>
</section>,
      ],
      "className": "main-wrap",
    },
    "ref": null,
    "rendered": Array [
      Object {
        "instance": null,
        "key": undefined,
        "nodeType": "class",
        "props": Object {},
        "ref": null,
        "rendered": null,
        "type": [Function],
      },
      Object {
        "instance": null,
        "key": undefined,
        "nodeType": "host",
        "props": Object {
          "children": Array [
            <h2>
              therapies:
</h2>,
            <Link
              className="breath"
              replace={false}
              to="/breathing"
>
              <h3>
                            breathing exercises
              </h3>
              <img
                            alt="Icon"
                            className="lungs-icon"
                            src="lungs.svg"
              />
</Link>,
            <Link
              className="mind"
              replace={false}
              to="/mindfulness"
>
              <h3>
                            guided meditations
              </h3>
              <img
                            alt="Icon"
                            className="mindfulness-icon"
                            src="meditation.svg"
              />
</Link>,
            <Link
              className="sound"
              replace={false}
              to="/sound"
>
              <h3>
                            calming playlists
              </h3>
              <img
                            alt="Icon"
                            className="sound-icon"
                            src="headphones.svg"
              />
</Link>,
            <Link
              className="notes"
              replace={false}
              to="/journal"
>
              <h3>
                            journal
              </h3>
              <img
                            alt="Icon"
                            className="notes-icon"
                            src="book.svg"
              />
</Link>,
            <Link
              className="sight"
              replace={false}
              to="/videos"
>
              <h3>
                            relaxing videos
              </h3>
              <img
                            alt="Icon"
                            className="sight-icon"
                            src="eyeglasses.svg"
              />
</Link>,
            <a
              className="lifeline"
              href="tel:555-555-5555"
>
              <h3>
                            support
              </h3>
              <img
                            alt="Icon"
                            className="phone-icon"
                            src="call-answer.svg"
              />
</a>,
          ],
          "className": "therapies-wrap",
        },
        "ref": null,
        "rendered": Array [
          Object {
            "instance": null,
            "key": undefined,
            "nodeType": "host",
            "props": Object {
              "children": "therapies:",
            },
            "ref": null,
            "rendered": "therapies:",
            "type": "h2",
          },
          Object {
            "instance": null,
            "key": undefined,
            "nodeType": "class",
            "props": Object {
              "children": Array [
                <h3>
                  breathing exercises
</h3>,
                <img
                  alt="Icon"
                  className="lungs-icon"
                  src="lungs.svg"
/>,
              ],
              "className": "breath",
              "replace": false,
              "to": "/breathing",
            },
            "ref": null,
            "rendered": Array [
              Object {
                "instance": null,
                "key": undefined,
                "nodeType": "host",
                "props": Object {
                  "children": "breathing exercises",
                },
                "ref": null,
                "rendered": "breathing exercises",
                "type": "h3",
              },
              Object {
                "instance": null,
                "key": undefined,
                "nodeType": "host",
                "props": Object {
                  "alt": "Icon",
                  "className": "lungs-icon",
                  "src": "lungs.svg",
                },
                "ref": null,
                "rendered": null,
                "type": "img",
              },
            ],
            "type": [Function],
          },
          Object {
            "instance": null,
            "key": undefined,
            "nodeType": "class",
            "props": Object {
              "children": Array [
                <h3>
                  guided meditations
</h3>,
                <img
                  alt="Icon"
                  className="mindfulness-icon"
                  src="meditation.svg"
/>,
              ],
              "className": "mind",
              "replace": false,
              "to": "/mindfulness",
            },
            "ref": null,
            "rendered": Array [
              Object {
                "instance": null,
                "key": undefined,
                "nodeType": "host",
                "props": Object {
                  "children": "guided meditations",
                },
                "ref": null,
                "rendered": "guided meditations",
                "type": "h3",
              },
              Object {
                "instance": null,
                "key": undefined,
                "nodeType": "host",
                "props": Object {
                  "alt": "Icon",
                  "className": "mindfulness-icon",
                  "src": "meditation.svg",
                },
                "ref": null,
                "rendered": null,
                "type": "img",
              },
            ],
            "type": [Function],
          },
          Object {
            "instance": null,
            "key": undefined,
            "nodeType": "class",
            "props": Object {
              "children": Array [
                <h3>
                  calming playlists
</h3>,
                <img
                  alt="Icon"
                  className="sound-icon"
                  src="headphones.svg"
/>,
              ],
              "className": "sound",
              "replace": false,
              "to": "/sound",
            },
            "ref": null,
            "rendered": Array [
              Object {
                "instance": null,
                "key": undefined,
                "nodeType": "host",
                "props": Object {
                  "children": "calming playlists",
                },
                "ref": null,
                "rendered": "calming playlists",
                "type": "h3",
              },
              Object {
                "instance": null,
                "key": undefined,
                "nodeType": "host",
                "props": Object {
                  "alt": "Icon",
                  "className": "sound-icon",
                  "src": "headphones.svg",
                },
                "ref": null,
                "rendered": null,
                "type": "img",
              },
            ],
            "type": [Function],
          },
          Object {
            "instance": null,
            "key": undefined,
            "nodeType": "class",
            "props": Object {
              "children": Array [
                <h3>
                  journal
</h3>,
                <img
                  alt="Icon"
                  className="notes-icon"
                  src="book.svg"
/>,
              ],
              "className": "notes",
              "replace": false,
              "to": "/journal",
            },
            "ref": null,
            "rendered": Array [
              Object {
                "instance": null,
                "key": undefined,
                "nodeType": "host",
                "props": Object {
                  "children": "journal",
                },
                "ref": null,
                "rendered": "journal",
                "type": "h3",
              },
              Object {
                "instance": null,
                "key": undefined,
                "nodeType": "host",
                "props": Object {
                  "alt": "Icon",
                  "className": "notes-icon",
                  "src": "book.svg",
                },
                "ref": null,
                "rendered": null,
                "type": "img",
              },
            ],
            "type": [Function],
          },
          Object {
            "instance": null,
            "key": undefined,
            "nodeType": "class",
            "props": Object {
              "children": Array [
                <h3>
                  relaxing videos
</h3>,
                <img
                  alt="Icon"
                  className="sight-icon"
                  src="eyeglasses.svg"
/>,
              ],
              "className": "sight",
              "replace": false,
              "to": "/videos",
            },
            "ref": null,
            "rendered": Array [
              Object {
                "instance": null,
                "key": undefined,
                "nodeType": "host",
                "props": Object {
                  "children": "relaxing videos",
                },
                "ref": null,
                "rendered": "relaxing videos",
                "type": "h3",
              },
              Object {
                "instance": null,
                "key": undefined,
                "nodeType": "host",
                "props": Object {
                  "alt": "Icon",
                  "className": "sight-icon",
                  "src": "eyeglasses.svg",
                },
                "ref": null,
                "rendered": null,
                "type": "img",
              },
            ],
            "type": [Function],
          },
          Object {
            "instance": null,
            "key": undefined,
            "nodeType": "host",
            "props": Object {
              "children": Array [
                <h3>
                  support
</h3>,
                <img
                  alt="Icon"
                  className="phone-icon"
                  src="call-answer.svg"
/>,
              ],
              "className": "lifeline",
              "href": "tel:555-555-5555",
            },
            "ref": null,
            "rendered": Array [
              Object {
                "instance": null,
                "key": undefined,
                "nodeType": "host",
                "props": Object {
                  "children": "support",
                },
                "ref": null,
                "rendered": "support",
                "type": "h3",
              },
              Object {
                "instance": null,
                "key": undefined,
                "nodeType": "host",
                "props": Object {
                  "alt": "Icon",
                  "className": "phone-icon",
                  "src": "call-answer.svg",
                },
                "ref": null,
                "rendered": null,
                "type": "img",
              },
            ],
            "type": "a",
          },
        ],
        "type": "section",
      },
    ],
    "type": "section",
  },
  Symbol(enzyme.__nodes__): Array [
    Object {
      "instance": null,
      "key": undefined,
      "nodeType": "host",
      "props": Object {
        "children": Array [
          <Connect(Component) />,
          <section
            className="therapies-wrap"
>
            <h2>
                        therapies:
            </h2>
            <Link
                        className="breath"
                        replace={false}
                        to="/breathing"
            >
                        <h3>
                                    breathing exercises
                        </h3>
                        <img
                                    alt="Icon"
                                    className="lungs-icon"
                                    src="lungs.svg"
                        />
            </Link>
            <Link
                        className="mind"
                        replace={false}
                        to="/mindfulness"
            >
                        <h3>
                                    guided meditations
                        </h3>
                        <img
                                    alt="Icon"
                                    className="mindfulness-icon"
                                    src="meditation.svg"
                        />
            </Link>
            <Link
                        className="sound"
                        replace={false}
                        to="/sound"
            >
                        <h3>
                                    calming playlists
                        </h3>
                        <img
                                    alt="Icon"
                                    className="sound-icon"
                                    src="headphones.svg"
                        />
            </Link>
            <Link
                        className="notes"
                        replace={false}
                        to="/journal"
            >
                        <h3>
                                    journal
                        </h3>
                        <img
                                    alt="Icon"
                                    className="notes-icon"
                                    src="book.svg"
                        />
            </Link>
            <Link
                        className="sight"
                        replace={false}
                        to="/videos"
            >
                        <h3>
                                    relaxing videos
                        </h3>
                        <img
                                    alt="Icon"
                                    className="sight-icon"
                                    src="eyeglasses.svg"
                        />
            </Link>
            <a
                        className="lifeline"
                        href="tel:555-555-5555"
            >
                        <h3>
                                    support
                        </h3>
                        <img
                                    alt="Icon"
                                    className="phone-icon"
                                    src="call-answer.svg"
                        />
            </a>
</section>,
        ],
        "className": "main-wrap",
      },
      "ref": null,
      "rendered": Array [
        Object {
          "instance": null,
          "key": undefined,
          "nodeType": "class",
          "props": Object {},
          "ref": null,
          "rendered": null,
          "type": [Function],
        },
        Object {
          "instance": null,
          "key": undefined,
          "nodeType": "host",
          "props": Object {
            "children": Array [
              <h2>
                therapies:
</h2>,
              <Link
                className="breath"
                replace={false}
                to="/breathing"
>
                <h3>
                                breathing exercises
                </h3>
                <img
                                alt="Icon"
                                className="lungs-icon"
                                src="lungs.svg"
                />
</Link>,
              <Link
                className="mind"
                replace={false}
                to="/mindfulness"
>
                <h3>
                                guided meditations
                </h3>
                <img
                                alt="Icon"
                                className="mindfulness-icon"
                                src="meditation.svg"
                />
</Link>,
              <Link
                className="sound"
                replace={false}
                to="/sound"
>
                <h3>
                                calming playlists
                </h3>
                <img
                                alt="Icon"
                                className="sound-icon"
                                src="headphones.svg"
                />
</Link>,
              <Link
                className="notes"
                replace={false}
                to="/journal"
>
                <h3>
                                journal
                </h3>
                <img
                                alt="Icon"
                                className="notes-icon"
                                src="book.svg"
                />
</Link>,
              <Link
                className="sight"
                replace={false}
                to="/videos"
>
                <h3>
                                relaxing videos
                </h3>
                <img
                                alt="Icon"
                                className="sight-icon"
                                src="eyeglasses.svg"
                />
</Link>,
              <a
                className="lifeline"
                href="tel:555-555-5555"
>
                <h3>
                                support
                </h3>
                <img
                                alt="Icon"
                                className="phone-icon"
                                src="call-answer.svg"
                />
</a>,
            ],
            "className": "therapies-wrap",
          },
          "ref": null,
          "rendered": Array [
            Object {
              "instance": null,
              "key": undefined,
              "nodeType": "host",
              "props": Object {
                "children": "therapies:",
              },
              "ref": null,
              "rendered": "therapies:",
              "type": "h2",
            },
            Object {
              "instance": null,
              "key": undefined,
              "nodeType": "class",
              "props": Object {
                "children": Array [
                  <h3>
                    breathing exercises
</h3>,
                  <img
                    alt="Icon"
                    className="lungs-icon"
                    src="lungs.svg"
/>,
                ],
                "className": "breath",
                "replace": false,
                "to": "/breathing",
              },
              "ref": null,
              "rendered": Array [
                Object {
                  "instance": null,
                  "key": undefined,
                  "nodeType": "host",
                  "props": Object {
                    "children": "breathing exercises",
                  },
                  "ref": null,
                  "rendered": "breathing exercises",
                  "type": "h3",
                },
                Object {
                  "instance": null,
                  "key": undefined,
                  "nodeType": "host",
                  "props": Object {
                    "alt": "Icon",
                    "className": "lungs-icon",
                    "src": "lungs.svg",
                  },
                  "ref": null,
                  "rendered": null,
                  "type": "img",
                },
              ],
              "type": [Function],
            },
            Object {
              "instance": null,
              "key": undefined,
              "nodeType": "class",
              "props": Object {
                "children": Array [
                  <h3>
                    guided meditations
</h3>,
                  <img
                    alt="Icon"
                    className="mindfulness-icon"
                    src="meditation.svg"
/>,
                ],
                "className": "mind",
                "replace": false,
                "to": "/mindfulness",
              },
              "ref": null,
              "rendered": Array [
                Object {
                  "instance": null,
                  "key": undefined,
                  "nodeType": "host",
                  "props": Object {
                    "children": "guided meditations",
                  },
                  "ref": null,
                  "rendered": "guided meditations",
                  "type": "h3",
                },
                Object {
                  "instance": null,
                  "key": undefined,
                  "nodeType": "host",
                  "props": Object {
                    "alt": "Icon",
                    "className": "mindfulness-icon",
                    "src": "meditation.svg",
                  },
                  "ref": null,
                  "rendered": null,
                  "type": "img",
                },
              ],
              "type": [Function],
            },
            Object {
              "instance": null,
              "key": undefined,
              "nodeType": "class",
              "props": Object {
                "children": Array [
                  <h3>
                    calming playlists
</h3>,
                  <img
                    alt="Icon"
                    className="sound-icon"
                    src="headphones.svg"
/>,
                ],
                "className": "sound",
                "replace": false,
                "to": "/sound",
              },
              "ref": null,
              "rendered": Array [
                Object {
                  "instance": null,
                  "key": undefined,
                  "nodeType": "host",
                  "props": Object {
                    "children": "calming playlists",
                  },
                  "ref": null,
                  "rendered": "calming playlists",
                  "type": "h3",
                },
                Object {
                  "instance": null,
                  "key": undefined,
                  "nodeType": "host",
                  "props": Object {
                    "alt": "Icon",
                    "className": "sound-icon",
                    "src": "headphones.svg",
                  },
                  "ref": null,
                  "rendered": null,
                  "type": "img",
                },
              ],
              "type": [Function],
            },
            Object {
              "instance": null,
              "key": undefined,
              "nodeType": "class",
              "props": Object {
                "children": Array [
                  <h3>
                    journal
</h3>,
                  <img
                    alt="Icon"
                    className="notes-icon"
                    src="book.svg"
/>,
                ],
                "className": "notes",
                "replace": false,
                "to": "/journal",
              },
              "ref": null,
              "rendered": Array [
                Object {
                  "instance": null,
                  "key": undefined,
                  "nodeType": "host",
                  "props": Object {
                    "children": "journal",
                  },
                  "ref": null,
                  "rendered": "journal",
                  "type": "h3",
                },
                Object {
                  "instance": null,
                  "key": undefined,
                  "nodeType": "host",
                  "props": Object {
                    "alt": "Icon",
                    "className": "notes-icon",
                    "src": "book.svg",
                  },
                  "ref": null,
                  "rendered": null,
                  "type": "img",
                },
              ],
              "type": [Function],
            },
            Object {
              "instance": null,
              "key": undefined,
              "nodeType": "class",
              "props": Object {
                "children": Array [
                  <h3>
                    relaxing videos
</h3>,
                  <img
                    alt="Icon"
                    className="sight-icon"
                    src="eyeglasses.svg"
/>,
                ],
                "className": "sight",
                "replace": false,
                "to": "/videos",
              },
              "ref": null,
              "rendered": Array [
                Object {
                  "instance": null,
                  "key": undefined,
                  "nodeType": "host",
                  "props": Object {
                    "children": "relaxing videos",
                  },
                  "ref": null,
                  "rendered": "relaxing videos",
                  "type": "h3",
                },
                Object {
                  "instance": null,
                  "key": undefined,
                  "nodeType": "host",
                  "props": Object {
                    "alt": "Icon",
                    "className": "sight-icon",
                    "src": "eyeglasses.svg",
                  },
                  "ref": null,
                  "rendered": null,
                  "type": "img",
                },
              ],
              "type": [Function],
            },
            Object {
              "instance": null,
              "key": undefined,
              "nodeType": "host",
              "props": Object {
                "children": Array [
                  <h3>
                    support
</h3>,
                  <img
                    alt="Icon"
                    className="phone-icon"
                    src="call-answer.svg"
/>,
                ],
                "className": "lifeline",
                "href": "tel:555-555-5555",
              },
              "ref": null,
              "rendered": Array [
                Object {
                  "instance": null,
                  "key": undefined,
                  "nodeType": "host",
                  "props": Object {
                    "children": "support",
                  },
                  "ref": null,
                  "rendered": "support",
                  "type": "h3",
                },
                Object {
                  "instance": null,
                  "key": undefined,
                  "nodeType": "host",
                  "props": Object {
                    "alt": "Icon",
                    "className": "phone-icon",
                    "src": "call-answer.svg",
                  },
                  "ref": null,
                  "rendered": null,
                  "type": "img",
                },
              ],
              "type": "a",
            },
          ],
          "type": "section",
        },
      ],
      "type": "section",
    },
  ],
  Symbol(enzyme.__options__): Object {
    "adapter": ReactSixteenAdapter {
      "options": Object {
        "enableComponentDidUpdateOnSetState": true,
      },
    },
  },
}
`;
