// Jest Snapshot v1, https://goo.gl/fbAQLP

exports[`Journal should match the snapshot 1`] = `
ShallowWrapper {
  "length": 1,
  Symbol(enzyme.__root__): [Circular],
  Symbol(enzyme.__unrendered__): <Journal />,
  Symbol(enzyme.__renderer__): Object {
    "batchedUpdates": [Function],
    "getNode": [Function],
    "render": [Function],
    "simulateEvent": [Function],
    "unmount": [Function],
  },
  Symbol(enzyme.__node__): Object {
    "instance": null,
    "key": undefined,
    "nodeType": "host",
    "props": Object {
      "children": Array [
        <header>
          <h1
                    className="coming-soon"
          >
                    Coming Soon!
          </h1>
          <form
                    className="journal-form"
          >
                    <input
                              placeholder="Title"
                              type="text"
                              value=""
                    />
                    <textarea
                              placeholder="Description"
                              value=""
                    />
                    <button>
                              add entry
                    </button>
          </form>
</header>,
        <section>
          <article
                    className="note-wrap"
          >
                    <h1>
                              Title
                    </h1>
                    <p>
                              Description text
                    </p>
                    <button
                              className="delete-note"
                    >
                              x
                    </button>
          </article>
</section>,
      ],
    },
    "ref": null,
    "rendered": Array [
      Object {
        "instance": null,
        "key": undefined,
        "nodeType": "host",
        "props": Object {
          "children": Array [
            <h1
              className="coming-soon"
>
              Coming Soon!
</h1>,
            <form
              className="journal-form"
>
              <input
                            placeholder="Title"
                            type="text"
                            value=""
              />
              <textarea
                            placeholder="Description"
                            value=""
              />
              <button>
                            add entry
              </button>
</form>,
          ],
        },
        "ref": null,
        "rendered": Array [
          Object {
            "instance": null,
            "key": undefined,
            "nodeType": "host",
            "props": Object {
              "children": "Coming Soon!",
              "className": "coming-soon",
            },
            "ref": null,
            "rendered": "Coming Soon!",
            "type": "h1",
          },
          Object {
            "instance": null,
            "key": undefined,
            "nodeType": "host",
            "props": Object {
              "children": Array [
                <input
                  placeholder="Title"
                  type="text"
                  value=""
/>,
                <textarea
                  placeholder="Description"
                  value=""
/>,
                <button>
                  add entry
</button>,
              ],
              "className": "journal-form",
            },
            "ref": null,
            "rendered": Array [
              Object {
                "instance": null,
                "key": undefined,
                "nodeType": "host",
                "props": Object {
                  "placeholder": "Title",
                  "type": "text",
                  "value": "",
                },
                "ref": null,
                "rendered": null,
                "type": "input",
              },
              Object {
                "instance": null,
                "key": undefined,
                "nodeType": "host",
                "props": Object {
                  "placeholder": "Description",
                  "value": "",
                },
                "ref": null,
                "rendered": null,
                "type": "textarea",
              },
              Object {
                "instance": null,
                "key": undefined,
                "nodeType": "host",
                "props": Object {
                  "children": "add entry",
                },
                "ref": null,
                "rendered": "add entry",
                "type": "button",
              },
            ],
            "type": "form",
          },
        ],
        "type": "header",
      },
      Object {
        "instance": null,
        "key": undefined,
        "nodeType": "host",
        "props": Object {
          "children": <article
            className="note-wrap"
>
            <h1>
                        Title
            </h1>
            <p>
                        Description text
            </p>
            <button
                        className="delete-note"
            >
                        x
            </button>
</article>,
        },
        "ref": null,
        "rendered": Object {
          "instance": null,
          "key": undefined,
          "nodeType": "host",
          "props": Object {
            "children": Array [
              <h1>
                Title
</h1>,
              <p>
                Description text
</p>,
              <button
                className="delete-note"
>
                x
</button>,
            ],
            "className": "note-wrap",
          },
          "ref": null,
          "rendered": Array [
            Object {
              "instance": null,
              "key": undefined,
              "nodeType": "host",
              "props": Object {
                "children": "Title",
              },
              "ref": null,
              "rendered": "Title",
              "type": "h1",
            },
            Object {
              "instance": null,
              "key": undefined,
              "nodeType": "host",
              "props": Object {
                "children": "Description text",
              },
              "ref": null,
              "rendered": "Description text",
              "type": "p",
            },
            Object {
              "instance": null,
              "key": undefined,
              "nodeType": "host",
              "props": Object {
                "children": "x",
                "className": "delete-note",
              },
              "ref": null,
              "rendered": "x",
              "type": "button",
            },
          ],
          "type": "article",
        },
        "type": "section",
      },
    ],
    "type": "section",
  },
  Symbol(enzyme.__nodes__): Array [
    Object {
      "instance": null,
      "key": undefined,
      "nodeType": "host",
      "props": Object {
        "children": Array [
          <header>
            <h1
                        className="coming-soon"
            >
                        Coming Soon!
            </h1>
            <form
                        className="journal-form"
            >
                        <input
                                    placeholder="Title"
                                    type="text"
                                    value=""
                        />
                        <textarea
                                    placeholder="Description"
                                    value=""
                        />
                        <button>
                                    add entry
                        </button>
            </form>
</header>,
          <section>
            <article
                        className="note-wrap"
            >
                        <h1>
                                    Title
                        </h1>
                        <p>
                                    Description text
                        </p>
                        <button
                                    className="delete-note"
                        >
                                    x
                        </button>
            </article>
</section>,
        ],
      },
      "ref": null,
      "rendered": Array [
        Object {
          "instance": null,
          "key": undefined,
          "nodeType": "host",
          "props": Object {
            "children": Array [
              <h1
                className="coming-soon"
>
                Coming Soon!
</h1>,
              <form
                className="journal-form"
>
                <input
                                placeholder="Title"
                                type="text"
                                value=""
                />
                <textarea
                                placeholder="Description"
                                value=""
                />
                <button>
                                add entry
                </button>
</form>,
            ],
          },
          "ref": null,
          "rendered": Array [
            Object {
              "instance": null,
              "key": undefined,
              "nodeType": "host",
              "props": Object {
                "children": "Coming Soon!",
                "className": "coming-soon",
              },
              "ref": null,
              "rendered": "Coming Soon!",
              "type": "h1",
            },
            Object {
              "instance": null,
              "key": undefined,
              "nodeType": "host",
              "props": Object {
                "children": Array [
                  <input
                    placeholder="Title"
                    type="text"
                    value=""
/>,
                  <textarea
                    placeholder="Description"
                    value=""
/>,
                  <button>
                    add entry
</button>,
                ],
                "className": "journal-form",
              },
              "ref": null,
              "rendered": Array [
                Object {
                  "instance": null,
                  "key": undefined,
                  "nodeType": "host",
                  "props": Object {
                    "placeholder": "Title",
                    "type": "text",
                    "value": "",
                  },
                  "ref": null,
                  "rendered": null,
                  "type": "input",
                },
                Object {
                  "instance": null,
                  "key": undefined,
                  "nodeType": "host",
                  "props": Object {
                    "placeholder": "Description",
                    "value": "",
                  },
                  "ref": null,
                  "rendered": null,
                  "type": "textarea",
                },
                Object {
                  "instance": null,
                  "key": undefined,
                  "nodeType": "host",
                  "props": Object {
                    "children": "add entry",
                  },
                  "ref": null,
                  "rendered": "add entry",
                  "type": "button",
                },
              ],
              "type": "form",
            },
          ],
          "type": "header",
        },
        Object {
          "instance": null,
          "key": undefined,
          "nodeType": "host",
          "props": Object {
            "children": <article
              className="note-wrap"
>
              <h1>
                            Title
              </h1>
              <p>
                            Description text
              </p>
              <button
                            className="delete-note"
              >
                            x
              </button>
</article>,
          },
          "ref": null,
          "rendered": Object {
            "instance": null,
            "key": undefined,
            "nodeType": "host",
            "props": Object {
              "children": Array [
                <h1>
                  Title
</h1>,
                <p>
                  Description text
</p>,
                <button
                  className="delete-note"
>
                  x
</button>,
              ],
              "className": "note-wrap",
            },
            "ref": null,
            "rendered": Array [
              Object {
                "instance": null,
                "key": undefined,
                "nodeType": "host",
                "props": Object {
                  "children": "Title",
                },
                "ref": null,
                "rendered": "Title",
                "type": "h1",
              },
              Object {
                "instance": null,
                "key": undefined,
                "nodeType": "host",
                "props": Object {
                  "children": "Description text",
                },
                "ref": null,
                "rendered": "Description text",
                "type": "p",
              },
              Object {
                "instance": null,
                "key": undefined,
                "nodeType": "host",
                "props": Object {
                  "children": "x",
                  "className": "delete-note",
                },
                "ref": null,
                "rendered": "x",
                "type": "button",
              },
            ],
            "type": "article",
          },
          "type": "section",
        },
      ],
      "type": "section",
    },
  ],
  Symbol(enzyme.__options__): Object {
    "adapter": ReactSixteenAdapter {
      "options": Object {
        "enableComponentDidUpdateOnSetState": true,
      },
    },
  },
}
`;
